Job: 57292 | Node: DGX-A100 | GPU: 0 | Pipe: gpu1
PyTorch  : 2.11.0+cu128
CUDA     : True
GPU name : NVIDIA A100-SXM4-80GB
Hello, Cloudian 💙 Cloud
Total samples: 1029726
Sample Key:
track_crash_in_library_outdoor/8e7edea3da.jpg

Sample Content:
{
    "url": "https://images-na.ssl-images-amazon.com/images/I/91ywrXSiLPL._SY355_.jpg",
    "incidents": {
        "truck accident": 0
    },
    "places": {}
}
============================================================
Loading black-forest-labs/FLUX.2-klein-9B
dtype: torch.bfloat16
============================================================
